******************************************************************************
            TI ARM Clang Linker PC v3.2.2                      
******************************************************************************
>> Linked Thu Aug  1 13:08:17 2024

OUTPUT FILE NAME:   <gpio_software_poll_LP_MSPM0G3507_nortos_ticlang.out>
ENTRY POINT SYMBOL: "_c_int00_noargs"  address: 00000f31


MEMORY CONFIGURATION

         name            origin    length      used     unused   attr    fill
----------------------  --------  ---------  --------  --------  ----  --------
  FLASH                 00000000   00020000  00002058  0001dfa8  R  X
  SRAM                  20200000   00008000  00000645  000079bb  RW X
  BCR_CONFIG            41c00000   00000080  00000000  00000080  R   
  BSL_CONFIG            41c00100   00000080  00000000  00000080  R   


SEGMENT ALLOCATION MAP

run origin  load origin   length   init length attrs members
----------  ----------- ---------- ----------- ----- -------
00000000    00000000    00002058   00002058    r-x
  00000000    00000000    000000c0   000000c0    r-- .intvecs
  000000c0    000000c0    00001358   00001358    r-x .text
  00001418    00001418    00000990   00000990    r-- .rodata
  00001da8    00001da8    000002b0   000002b0    r-- .cinit
20200000    20200000    00000445   00000000    rw-
  20200000    20200000    00000414   00000000    rw- .data
  20200414    20200414    00000031   00000000    rw- .bss
20207e00    20207e00    00000200   00000000    rw-
  20207e00    20207e00    00000200   00000000    rw- .stack


SECTION ALLOCATION MAP

 output                                  attributes/
section   page    origin      length       input sections
--------  ----  ----------  ----------   ----------------
.intvecs   0    00000000    000000c0     
                  00000000    000000c0     startup_mspm0g350x_ticlang.o (.intvecs)

.text      0    000000c0    00001358     
                  000000c0    000001ec     gpio_software_poll.o (.text.main)
                  000002ac    0000012c     oled.o (.text.I2C0_IRQHandler)
                  000003d8    00000118     oled.o (.text.OLED_ShowChar)
                  000004f0    00000100     oled.o (.text.OLED_Init)
                  000005f0    000000f6     oled.o (.text.OLED_ShowNum)
                  000006e6    00000002     libclang_rt.builtins.a : aeabi_div0.c.obj (.text.__aeabi_idiv0)
                  000006e8    000000dc     oled.o (.text.OLED_WR_Byte)
                  000007c4    000000a8     oled.o (.text.OLED_ShowChinese)
                  0000086c    000000a4     oled.o (.text.OLED_DrawBMP)
                  00000910    00000088     driverlib.a : dl_dac12.o (.text.DL_DAC12_init)
                  00000998    00000078     libc.a : copy_decompress_lzss.c.obj (.text:decompress:lzss)
                  00000a10    00000070     oled.o (.text.OLED_ShowString)
                  00000a80    00000070     ti_msp_dl_config.o (.text.SYSCFG_DL_GPIO_init)
                  00000af0    0000006a     oled.o (.text.OLED_Clear)
                  00000b5a    00000002     --HOLE-- [fill = 0]
                  00000b5c    00000068     ti_msp_dl_config.o (.text.SYSCFG_DL_initPower)
                  00000bc4    00000064     ti_msp_dl_config.o (.text.SYSCFG_DL_I2C_OLED_init)
                  00000c28    0000005e     driverlib.a : dl_i2c.o (.text.DL_I2C_fillControllerTXFIFO)
                  00000c86    00000002     --HOLE-- [fill = 0]
                  00000c88    00000050     oled.o (.text.DL_I2C_startControllerTransfer)
                  00000cd8    00000040     libclang_rt.builtins.a : aeabi_uidivmod.S.obj (.text.__aeabi_uidivmod)
                  00000d18    0000003c     ti_msp_dl_config.o (.text.DL_GPIO_initPeripheralInputFunctionFeatures)
                  00000d54    0000003c     oled.o (.text.OLED_Set_Pos)
                  00000d90    0000003c     libc.a : autoinit.c.obj (.text:__TI_auto_init_nobinit_nopinit)
                  00000dcc    00000034     ti_msp_dl_config.o (.text.DL_GPIO_initDigitalInputFeatures)
                  00000e00    00000034     ti_msp_dl_config.o (.text.SYSCFG_DL_SYSCTL_init)
                  00000e34    00000030     oled.o (.text.oled_pow)
                  00000e64    0000002c     oled.o (.text.__NVIC_EnableIRQ)
                  00000e90    00000028     oled.o (.text.DL_Common_updateReg)
                  00000eb8    00000028     ti_msp_dl_config.o (.text.DL_Common_updateReg)
                  00000ee0    00000028     ti_msp_dl_config.o (.text.DL_I2C_setControllerRXFIFOThreshold)
                  00000f08    00000028     ti_msp_dl_config.o (.text.DL_I2C_setControllerTXFIFOThreshold)
                  00000f30    00000028     libc.a : boot_cortex_m.c.obj (.text:_c_int00_noargs)
                  00000f58    00000026     ti_msp_dl_config.o (.text.DL_I2C_setAnalogGlitchFilterPulseWidth)
                  00000f7e    00000026     driverlib.a : dl_i2c.o (.text.DL_I2C_setClockConfig)
                  00000fa4    00000022     oled.o (.text.delay_ms)
                  00000fc6    00000002     --HOLE-- [fill = 0]
                  00000fc8    00000020     ti_msp_dl_config.o (.text.DL_SYSCTL_setMFPCLKSource)
                  00000fe8    00000020     driverlib.a : dl_vref.o (.text.DL_VREF_configReference)
                  00001008    00000020     ti_msp_dl_config.o (.text.SYSCFG_DL_DAC12_init)
                  00001028    0000001c     gpio_software_poll.o (.text.DL_DAC12_output12)
                  00001044    0000001c     ti_msp_dl_config.o (.text.DL_GPIO_enableHiZ)
                  00001060    0000001c     ti_msp_dl_config.o (.text.DL_GPIO_initDigitalInput)
                  0000107c    0000001c     oled.o (.text.DL_I2C_disableInterrupt)
                  00001098    0000001c     ti_msp_dl_config.o (.text.DL_I2C_enableInterrupt)
                  000010b4    0000001c     oled.o (.text.DL_I2C_isControllerRXFIFOEmpty)
                  000010d0    0000001c     ti_msp_dl_config.o (.text.DL_SYSCTL_setMCLKDivider)
                  000010ec    0000001c     ti_msp_dl_config.o (.text.DL_SYSCTL_setSYSOSCFreq)
                  00001108    0000001c     ti_msp_dl_config.o (.text.DL_SYSCTL_setULPCLKDivider)
                  00001124    0000001c     ti_msp_dl_config.o (.text.SYSCFG_DL_VREF_init)
                  00001140    0000001c     ti_msp_dl_config.o (.text.SYSCFG_DL_init)
                  0000115c    00000018     ti_msp_dl_config.o (.text.DL_DAC12_enablePower)
                  00001174    00000018     ti_msp_dl_config.o (.text.DL_DAC12_reset)
                  0000118c    00000018     ti_msp_dl_config.o (.text.DL_GPIO_enableOutput)
                  000011a4    00000018     ti_msp_dl_config.o (.text.DL_GPIO_enablePower)
                  000011bc    00000018     ti_msp_dl_config.o (.text.DL_GPIO_initDigitalOutput)
                  000011d4    00000018     ti_msp_dl_config.o (.text.DL_GPIO_reset)
                  000011ec    00000018     ti_msp_dl_config.o (.text.DL_GPIO_setPins)
                  00001204    00000018     gpio_software_poll.o (.text.DL_GPIO_togglePins)
                  0000121c    00000018     ti_msp_dl_config.o (.text.DL_I2C_enableAnalogGlitchFilter)
                  00001234    00000018     ti_msp_dl_config.o (.text.DL_I2C_enableController)
                  0000124c    00000018     ti_msp_dl_config.o (.text.DL_I2C_enableControllerClockStretching)
                  00001264    00000018     ti_msp_dl_config.o (.text.DL_I2C_enablePower)
                  0000127c    00000018     ti_msp_dl_config.o (.text.DL_I2C_reset)
                  00001294    00000018     ti_msp_dl_config.o (.text.DL_I2C_setTimerPeriod)
                  000012ac    00000018     ti_msp_dl_config.o (.text.DL_SYSCTL_setBORThreshold)
                  000012c4    00000018     ti_msp_dl_config.o (.text.DL_VREF_enablePower)
                  000012dc    00000018     ti_msp_dl_config.o (.text.DL_VREF_reset)
                  000012f4    00000016     gpio_software_poll.o (.text.DL_DAC12_enable)
                  0000130a    00000016     ti_msp_dl_config.o (.text.DL_DAC12_enable)
                  00001320    00000016     gpio_software_poll.o (.text.DL_GPIO_readPins)
                  00001336    00000016     libc.a : copy_zero_init.c.obj (.text:decompress:ZI:__TI_zero_init_nomemset)
                  0000134c    00000014     oled.o (.text.DL_I2C_getControllerStatus)
                  00001360    00000014     oled.o (.text.DL_I2C_receiveControllerData)
                  00001374    00000014     ti_msp_dl_config.o (.text.DL_I2C_resetControllerTransfer)
                  00001388    00000014     ti_msp_dl_config.o (.text.DL_SYSCTL_disableSYSPLL)
                  0000139c    00000012     oled.o (.text.DL_I2C_getPendingInterrupt)
                  000013ae    00000012     libc.a : memcpy16.S.obj (.text:TI_memcpy_small)
                  000013c0    00000012            : copy_decompress_none.c.obj (.text:decompress:none)
                  000013d2    00000002     --HOLE-- [fill = 0]
                  000013d4    00000010     ti_msp_dl_config.o (.text.DL_SYSCTL_disableHFXT)
                  000013e4    00000010     ti_msp_dl_config.o (.text.DL_SYSCTL_enableMFPCLK)
                  000013f4    0000000a     driverlib.a : dl_common.o (.text.DL_Common_delayCycles)
                  000013fe    00000002     --HOLE-- [fill = 0]
                  00001400    00000008     libclang_rt.builtins.a : aeabi_memcpy.S.obj (.text.__aeabi_memcpy)
                  00001408    00000004     startup_mspm0g350x_ticlang.o (.text.Default_Handler)
                  0000140c    00000004     startup_mspm0g350x_ticlang.o (.text.Reset_Handler)
                  00001410    00000004     libc.a : pre_init.c.obj (.text._system_pre_init)
                  00001414    00000004            : exit.c.obj (.text:abort)

.cinit     0    00001da8    000002b0     
                  00001da8    00000286     (.cinit..data.load) [load image, compression = lzss]
                  0000202e    00000002     --HOLE-- [fill = 0]
                  00002030    0000000c     (__TI_handler_table)
                  0000203c    00000008     (.cinit..bss.load) [load image, compression = zero_init]
                  00002044    00000010     (__TI_cinit_table)
                  00002054    00000004     --HOLE-- [fill = 0]

.rodata    0    00001418    00000990     
                  00001418    000005f0     oled.o (.rodata.asc2_1608)
                  00001a08    00000228     oled.o (.rodata.asc2_0806)
                  00001c30    00000140     oled.o (.rodata.Hzk)
                  00001d70    00000020     ti_msp_dl_config.o (.rodata.gDAC12Config)
                  00001d90    0000000c     ti_msp_dl_config.o (.rodata.gVREFConfig)
                  00001d9c    00000004     gpio_software_poll.o (.rodata.str1.122033086738393031181)
                  00001da0    00000002     ti_msp_dl_config.o (.rodata.gI2C_OLEDClockConfig)
                  00001da2    00000006     --HOLE-- [fill = 0]

.init_array 
*          0    00000000    00000000     UNINITIALIZED

.binit     0    00000000    00000000     

.data      0    20200000    00000414     UNINITIALIZED
                  20200000    00000400     gpio_software_poll.o (.data.BMP1)
                  20200400    00000004     gpio_software_poll.o (.data.DAC12_OUTPUT_VOLTAGE_mV)
                  20200404    00000004     gpio_software_poll.o (.data.DAC_value)
                  20200408    00000004     gpio_software_poll.o (.data.Key_Down)
                  2020040c    00000004     gpio_software_poll.o (.data.Key_Old)
                  20200410    00000004     gpio_software_poll.o (.data.Key_Value)

.bss       0    20200414    00000031     UNINITIALIZED
                  20200414    00000010     (.common:gRxPacket)
                  20200424    00000010     (.common:gTxPacket)
                  20200434    00000004     (.common:gRxCount)
                  20200438    00000004     (.common:gRxLen)
                  2020043c    00000004     (.common:gTxCount)
                  20200440    00000004     (.common:gTxLen)
                  20200444    00000001     (.common:gI2cControllerStatus)

.stack     0    20207e00    00000200     UNINITIALIZED
                  20207e00    00000004     libc.a : boot_cortex_m.c.obj (.stack)
                  20207e04    000001fc     --HOLE--

__llvm_prf_cnts 
*          0    20200000    00000000     UNINITIALIZED

__llvm_prf_bits 
*          0    20200000    00000000     UNINITIALIZED

MODULE SUMMARY

       Module                         code   ro data   rw data
       ------                         ----   -------   -------
    .\
       gpio_software_poll.o           588    4         1044   
       ti_msp_dl_config.o             1404   46        0      
       startup_mspm0g350x_ticlang.o   8      192       0      
    +--+------------------------------+------+---------+---------+
       Total:                         2000   242       1044   
                                                              
    .\OLED\
       oled.o                         2272   2392      49     
    +--+------------------------------+------+---------+---------+
       Total:                         2272   2392      49     
                                                              
    E:/ti/mspm0_sdk_2_01_00_03/source/ti/driverlib/lib/ticlang/m0p/mspm0g1x0x_g3x0x/driverlib.a
       dl_dac12.o                     136    0         0      
       dl_i2c.o                       132    0         0      
       dl_vref.o                      32     0         0      
       dl_common.o                    10     0         0      
    +--+------------------------------+------+---------+---------+
       Total:                         310    0         0      
                                                              
    E:\ti\ccstheia141\ccs\tools\compiler\ti-cgt-armllvm_3.2.2.LTS\lib\armv6m-ti-none-eabi/c/libc.a
       copy_decompress_lzss.c.obj     120    0         0      
       autoinit.c.obj                 60     0         0      
       boot_cortex_m.c.obj            40     0         0      
       copy_zero_init.c.obj           22     0         0      
       copy_decompress_none.c.obj     18     0         0      
       memcpy16.S.obj                 18     0         0      
       exit.c.obj                     4      0         0      
       pre_init.c.obj                 4      0         0      
    +--+------------------------------+------+---------+---------+
       Total:                         286    0         0      
                                                              
    E:\ti\ccstheia141\ccs\tools\compiler\ti-cgt-armllvm_3.2.2.LTS\lib\clang/15.0.7/lib/armv6m-ti-none-eabi/libclang_rt.builtins.a
       aeabi_uidivmod.S.obj           64     0         0      
       aeabi_memcpy.S.obj             8      0         0      
       aeabi_div0.c.obj               2      0         0      
    +--+------------------------------+------+---------+---------+
       Total:                         74     0         0      
                                                              
       Stack:                         0      0         512    
       Linker Generated:              0      682       0      
    +--+------------------------------+------+---------+---------+
       Grand Total:                   4942   3316      1605   


LINKER GENERATED COPY TABLES

__TI_cinit_table @ 00002044 records: 2, size/record: 8, table size: 16
	.data: load addr=00001da8, load size=00000286 bytes, run addr=20200000, run size=00000414 bytes, compression=lzss
	.bss: load addr=0000203c, load size=00000008 bytes, run addr=20200414, run size=00000031 bytes, compression=zero_init


LINKER GENERATED HANDLER TABLE

__TI_handler_table @ 00002030 records: 3, size/record: 4, table size: 12
	index: 0, handler: __TI_decompress_lzss
	index: 1, handler: __TI_decompress_none
	index: 2, handler: __TI_zero_init


GLOBAL SYMBOLS: SORTED ALPHABETICALLY BY Name 

address   name                          
-------   ----                          
00001409  ADC0_IRQHandler               
00001409  ADC1_IRQHandler               
00001409  AES_IRQHandler                
20200000  BMP1                          
00001414  C$$EXIT                       
00001409  CANFD0_IRQHandler             
00001409  DAC0_IRQHandler               
20200400  DAC12_OUTPUT_VOLTAGE_mV       
20200404  DAC_value                     
000013f5  DL_Common_delayCycles         
00000911  DL_DAC12_init                 
00000c29  DL_I2C_fillControllerTXFIFO   
00000f7f  DL_I2C_setClockConfig         
00000fe9  DL_VREF_configReference       
00001409  DMA_IRQHandler                
00001409  Default_Handler               
00001409  GROUP0_IRQHandler             
00001409  GROUP1_IRQHandler             
00001409  HardFault_Handler             
00001c30  Hzk                           
000002ad  I2C0_IRQHandler               
00001409  I2C1_IRQHandler               
20200408  Key_Down                      
2020040c  Key_Old                       
20200410  Key_Value                     
00001409  NMI_Handler                   
00000af1  OLED_Clear                    
0000086d  OLED_DrawBMP                  
000004f1  OLED_Init                     
00000d55  OLED_Set_Pos                  
000003d9  OLED_ShowChar                 
000007c5  OLED_ShowChinese              
000005f1  OLED_ShowNum                  
00000a11  OLED_ShowString               
000006e9  OLED_WR_Byte                  
00001409  PendSV_Handler                
00001409  RTC_IRQHandler                
0000140d  Reset_Handler                 
00001409  SPI0_IRQHandler               
00001409  SPI1_IRQHandler               
00001409  SVC_Handler                   
00001009  SYSCFG_DL_DAC12_init          
00000a81  SYSCFG_DL_GPIO_init           
00000bc5  SYSCFG_DL_I2C_OLED_init       
00000e01  SYSCFG_DL_SYSCTL_init         
00001125  SYSCFG_DL_VREF_init           
00001141  SYSCFG_DL_init                
00000b5d  SYSCFG_DL_initPower           
00001409  SysTick_Handler               
00001409  TIMA0_IRQHandler              
00001409  TIMA1_IRQHandler              
00001409  TIMG0_IRQHandler              
00001409  TIMG12_IRQHandler             
00001409  TIMG6_IRQHandler              
00001409  TIMG7_IRQHandler              
00001409  TIMG8_IRQHandler              
000013af  TI_memcpy_small               
00001409  UART0_IRQHandler              
00001409  UART1_IRQHandler              
00001409  UART2_IRQHandler              
00001409  UART3_IRQHandler              
20208000  __STACK_END                   
00000200  __STACK_SIZE                  
00000000  __TI_ATRegion0_region_sz      
00000000  __TI_ATRegion0_src_addr       
00000000  __TI_ATRegion0_trg_addr       
00000000  __TI_ATRegion1_region_sz      
00000000  __TI_ATRegion1_src_addr       
00000000  __TI_ATRegion1_trg_addr       
00000000  __TI_ATRegion2_region_sz      
00000000  __TI_ATRegion2_src_addr       
00000000  __TI_ATRegion2_trg_addr       
00002044  __TI_CINIT_Base               
00002054  __TI_CINIT_Limit              
00002054  __TI_CINIT_Warm               
00002030  __TI_Handler_Table_Base       
0000203c  __TI_Handler_Table_Limit      
00000d91  __TI_auto_init_nobinit_nopinit
00000999  __TI_decompress_lzss          
000013c1  __TI_decompress_none          
ffffffff  __TI_pprof_out_hndl           
ffffffff  __TI_prof_data_size           
ffffffff  __TI_prof_data_start          
00000000  __TI_static_base__            
00001337  __TI_zero_init_nomemset       
000006e7  __aeabi_idiv0                 
00001401  __aeabi_memcpy                
00001401  __aeabi_memcpy4               
00001401  __aeabi_memcpy8               
00000cd9  __aeabi_uidiv                 
00000cd9  __aeabi_uidivmod              
ffffffff  __binit__                     
UNDEFED   __mpu_init                    
20207e00  __stack                       
20200000  __start___llvm_prf_bits       
20200000  __start___llvm_prf_cnts       
20200000  __stop___llvm_prf_bits        
20200000  __stop___llvm_prf_cnts        
00000f31  _c_int00_noargs               
UNDEFED   _system_post_cinit            
00001411  _system_pre_init              
00001415  abort                         
00001a08  asc2_0806                     
00001418  asc2_1608                     
ffffffff  binit                         
00000fa5  delay_ms                      
20200444  gI2cControllerStatus          
20200434  gRxCount                      
20200438  gRxLen                        
20200414  gRxPacket                     
2020043c  gTxCount                      
20200440  gTxLen                        
20200424  gTxPacket                     
00000000  interruptVectors              
000000c1  main                          
00000e35  oled_pow                      


GLOBAL SYMBOLS: SORTED BY Symbol Address 

address   name                          
-------   ----                          
00000000  __TI_ATRegion0_region_sz      
00000000  __TI_ATRegion0_src_addr       
00000000  __TI_ATRegion0_trg_addr       
00000000  __TI_ATRegion1_region_sz      
00000000  __TI_ATRegion1_src_addr       
00000000  __TI_ATRegion1_trg_addr       
00000000  __TI_ATRegion2_region_sz      
00000000  __TI_ATRegion2_src_addr       
00000000  __TI_ATRegion2_trg_addr       
00000000  __TI_static_base__            
00000000  interruptVectors              
000000c1  main                          
00000200  __STACK_SIZE                  
000002ad  I2C0_IRQHandler               
000003d9  OLED_ShowChar                 
000004f1  OLED_Init                     
000005f1  OLED_ShowNum                  
000006e7  __aeabi_idiv0                 
000006e9  OLED_WR_Byte                  
000007c5  OLED_ShowChinese              
0000086d  OLED_DrawBMP                  
00000911  DL_DAC12_init                 
00000999  __TI_decompress_lzss          
00000a11  OLED_ShowString               
00000a81  SYSCFG_DL_GPIO_init           
00000af1  OLED_Clear                    
00000b5d  SYSCFG_DL_initPower           
00000bc5  SYSCFG_DL_I2C_OLED_init       
00000c29  DL_I2C_fillControllerTXFIFO   
00000cd9  __aeabi_uidiv                 
00000cd9  __aeabi_uidivmod              
00000d55  OLED_Set_Pos                  
00000d91  __TI_auto_init_nobinit_nopinit
00000e01  SYSCFG_DL_SYSCTL_init         
00000e35  oled_pow                      
00000f31  _c_int00_noargs               
00000f7f  DL_I2C_setClockConfig         
00000fa5  delay_ms                      
00000fe9  DL_VREF_configReference       
00001009  SYSCFG_DL_DAC12_init          
00001125  SYSCFG_DL_VREF_init           
00001141  SYSCFG_DL_init                
00001337  __TI_zero_init_nomemset       
000013af  TI_memcpy_small               
000013c1  __TI_decompress_none          
000013f5  DL_Common_delayCycles         
00001401  __aeabi_memcpy                
00001401  __aeabi_memcpy4               
00001401  __aeabi_memcpy8               
00001409  ADC0_IRQHandler               
00001409  ADC1_IRQHandler               
00001409  AES_IRQHandler                
00001409  CANFD0_IRQHandler             
00001409  DAC0_IRQHandler               
00001409  DMA_IRQHandler                
00001409  Default_Handler               
00001409  GROUP0_IRQHandler             
00001409  GROUP1_IRQHandler             
00001409  HardFault_Handler             
00001409  I2C1_IRQHandler               
00001409  NMI_Handler                   
00001409  PendSV_Handler                
00001409  RTC_IRQHandler                
00001409  SPI0_IRQHandler               
00001409  SPI1_IRQHandler               
00001409  SVC_Handler                   
00001409  SysTick_Handler               
00001409  TIMA0_IRQHandler              
00001409  TIMA1_IRQHandler              
00001409  TIMG0_IRQHandler              
00001409  TIMG12_IRQHandler             
00001409  TIMG6_IRQHandler              
00001409  TIMG7_IRQHandler              
00001409  TIMG8_IRQHandler              
00001409  UART0_IRQHandler              
00001409  UART1_IRQHandler              
00001409  UART2_IRQHandler              
00001409  UART3_IRQHandler              
0000140d  Reset_Handler                 
00001411  _system_pre_init              
00001414  C$$EXIT                       
00001415  abort                         
00001418  asc2_1608                     
00001a08  asc2_0806                     
00001c30  Hzk                           
00002030  __TI_Handler_Table_Base       
0000203c  __TI_Handler_Table_Limit      
00002044  __TI_CINIT_Base               
00002054  __TI_CINIT_Limit              
00002054  __TI_CINIT_Warm               
20200000  BMP1                          
20200000  __start___llvm_prf_bits       
20200000  __start___llvm_prf_cnts       
20200000  __stop___llvm_prf_bits        
20200000  __stop___llvm_prf_cnts        
20200400  DAC12_OUTPUT_VOLTAGE_mV       
20200404  DAC_value                     
20200408  Key_Down                      
2020040c  Key_Old                       
20200410  Key_Value                     
20200414  gRxPacket                     
20200424  gTxPacket                     
20200434  gRxCount                      
20200438  gRxLen                        
2020043c  gTxCount                      
20200440  gTxLen                        
20200444  gI2cControllerStatus          
20207e00  __stack                       
20208000  __STACK_END                   
ffffffff  __TI_pprof_out_hndl           
ffffffff  __TI_prof_data_size           
ffffffff  __TI_prof_data_start          
ffffffff  __binit__                     
ffffffff  binit                         
UNDEFED   __mpu_init                    
UNDEFED   _system_post_cinit            

[116 symbols]
